BUILD_FAILED  
